2026-06-28T10:35:21.595+0200 [INFO]  Terraform version: 1.15.7
2026-06-28T10:35:21.595+0200 [DEBUG] using github.com/hashicorp/go-tfe v1.105.0
2026-06-28T10:35:21.595+0200 [DEBUG] using github.com/hashicorp/hcl/v2 v2.24.0
2026-06-28T10:35:21.595+0200 [DEBUG] using github.com/hashicorp/terraform-svchost v0.2.1
2026-06-28T10:35:21.595+0200 [DEBUG] using github.com/zclconf/go-cty v1.18.0
2026-06-28T10:35:21.595+0200 [INFO]  Go runtime version: go1.25.10
2026-06-28T10:35:21.595+0200 [INFO]  CLI args: []string{"terraform", "init", "-reconfigure"}
2026-06-28T10:35:21.595+0200 [DEBUG] Attempting to open CLI config file: /Users/kulkatka/.terraformrc
2026-06-28T10:35:21.595+0200 [DEBUG] File doesn't exist, but doesn't need to. Ignoring.
2026-06-28T10:35:21.595+0200 [DEBUG] ignoring non-existing provider search directory terraform.d/plugins
2026-06-28T10:35:21.595+0200 [DEBUG] ignoring non-existing provider search directory /Users/kulkatka/.terraform.d/plugins
2026-06-28T10:35:21.595+0200 [DEBUG] ignoring non-existing provider search directory /Users/kulkatka/Library/Application Support/io.terraform/plugins
2026-06-28T10:35:21.595+0200 [DEBUG] ignoring non-existing provider search directory /Library/Application Support/io.terraform/plugins
2026-06-28T10:35:21.596+0200 [INFO]  CLI command args: []string{"init", "-reconfigure"}
2026-06-28T10:35:21.604+0200 [DEBUG] ReferenceTransformer: "var.project_id" references: []
2026-06-28T10:35:21.604+0200 [DEBUG] ReferenceTransformer: "var.region" references: []
2026-06-28T10:35:21.604+0200 [DEBUG] ReferenceTransformer: "var.allowed_ips" references: []
2026-06-28T10:35:21.604+0200 [DEBUG] ReferenceTransformer: "var.image_tag" references: []
2026-06-28T10:35:21.604+0200 [DEBUG] Starting graph walk: walkInit
[0m[1mInitializing provider plugins found in the configuration...[0m
- Finding hashicorp/google versions matching "~> 5.0"...
2026-06-28T10:35:21.613+0200 [DEBUG] Service discovery for registry.terraform.io at https://registry.terraform.io/.well-known/terraform.json
2026-06-28T10:35:21.672+0200 [DEBUG] GET https://registry.terraform.io/v1/providers/hashicorp/google/versions
2026-06-28T10:35:21.708+0200 [DEBUG] GET https://registry.terraform.io/v1/providers/hashicorp/google/5.45.2/download/darwin/arm64
2026-06-28T10:35:21.736+0200 [DEBUG] GET https://releases.hashicorp.com/terraform-provider-google/5.45.2/terraform-provider-google_5.45.2_SHA256SUMS
2026-06-28T10:35:21.847+0200 [DEBUG] GET https://releases.hashicorp.com/terraform-provider-google/5.45.2/terraform-provider-google_5.45.2_SHA256SUMS.72D7468F.sig
- Installing hashicorp/google v5.45.2...
2026-06-28T10:35:22.905+0200 [WARN]  expired openpgp key from HashiCorp Security (hashicorp.com/security) <security@hashicorp.com>
2026-06-28T10:35:22.907+0200 [DEBUG] Provider signed by 34365D9472D7468F HashiCorp Security (hashicorp.com/security) <security@hashicorp.com>
2026-06-28T10:35:22.911+0200 [WARN]  expired openpgp key from HashiCorp Security (hashicorp.com/security) <security@hashicorp.com>
- Installed hashicorp/google v5.45.2 (signed by HashiCorp)

[0m[1mInitializing the backend...[0m
2026-06-28T10:35:23.374+0200 [DEBUG] checking for provisioner in "."
2026-06-28T10:35:23.375+0200 [DEBUG] checking for provisioner in "/opt/homebrew/bin"

[31m╷[0m[0m
[31m│[0m [0m[1m[31mError: [0m[0m[1mFailed to get existing workspaces: querying Cloud Storage failed: storage: bucket doesn't exist: googleapi: Error 404: The specified bucket does not exist., notFound[0m
[31m│[0m [0m
[31m│[0m [0m[0m
[31m╵[0m[0m
